// Jest Snapshot v1, https://goo.gl/fbAQLP

exports[`TextAreaInput should render a textarea 1`] = `
<body>
  <div>
    <div
      class="form-group"
    >
      <label
        for="test"
      >
        Test Textarea
      </label>
      <textarea
        aria-label="test"
        class="form-control"
        data-testid="test"
        name="test"
        placeholder="Test"
        required=""
      />
    </div>
  </div>
</body>
`;
