// Jest Snapshot v1, https://goo.gl/fbAQLP

exports[`Layout should render 1`] = `
Array [
  <nav
    className="navbar"
  >
    <a
      className="brand"
      href="/"
    >
      John Doe
    </a>
    <ul
      className="nav-list"
    >
      <li
        className="nav-item"
      >
        <a
          href="/contact"
        >
          Contact
        </a>
      </li>
    </ul>
  </nav>,
  <div
    className="container-fluid"
  />,
  <footer
    className="footer"
  >
    Reach me on
    <div
      className="social"
    />
  </footer>,
]
`;
