// Jest Snapshot v1, https://goo.gl/fbAQLP

exports[`404 should render 1`] = `
Array [
  <nav
    className="navbar"
  >
    <a
      className="brand"
      href="/"
    >
      John Doe
    </a>
    <ul
      className="nav-list"
    >
      <li
        className="nav-item"
      >
        <a
          href="/contact"
        >
          Contact
        </a>
      </li>
    </ul>
  </nav>,
  <div
    className="container-fluid"
  >
    <div
      className="flex flex-center flex-column"
      style={
        Object {
          "height": "calc(90vh - 80px)",
        }
      }
    >
      <h1>
        NOT FOUND
      </h1>
      <p>
        You just hit a route that doesn't exist... the sadness.
      </p>
    </div>
  </div>,
  <footer
    className="footer"
  >
    Reach me on
    <div
      className="social"
    />
  </footer>,
]
`;
