// Jest Snapshot v1, https://goo.gl/fbAQLP

exports[`BlogPosts should render nothing if no lists 1`] = `
<body>
  <div />
</body>
`;

exports[`BlogPosts should render with a list of posts 1`] = `
<body>
  <div>
    <div
      class="blog pb7"
    >
      <h1>
        Blog
      </h1>
      <div
        class="post-summary"
      >
        <h2>
          <a
            href="/blog/blog-1"
          >
            Post 1
          </a>
        </h2>
        <p
          class="blog-post-meta"
        >
          <time>
            Jan 01, 2020
          </time>
        </p>
        <p>
          Lorem ipsum dolor sit amet
        </p>
      </div>
      <div
        class="post-summary"
      >
        <h2>
          <a
            href="/blog/blog-2"
          >
            Post 2
          </a>
        </h2>
        <p
          class="blog-post-meta"
        >
          <time>
            Feb 01, 2020
          </time>
        </p>
        <p>
          Lorem ipsum dolor sit amet
        </p>
      </div>
      <div
        class="post-summary"
      >
        <h2>
          <a
            href="/blog/blog-3"
          >
            Post 3
          </a>
        </h2>
        <p
          class="blog-post-meta"
        >
          <time>
            Mar 01, 2020
          </time>
        </p>
        <p>
          Lorem ipsum dolor sit amet
        </p>
      </div>
    </div>
  </div>
</body>
`;
